\BOOKMARK [1][-]{section.1}{\376\377\000T\000i\000t\000l\000e}{}% 1
\BOOKMARK [1][-]{section.2}{\376\377\000B\000a\000c\000k\000g\000r\000o\000u\000n\000d\000\040\000a\000n\000d\000\040\000S\000i\000g\000n\000i\000f\000i\000c\000a\000n\000c\000e}{}% 2
\BOOKMARK [1][-]{section.3}{\376\377\000L\000i\000t\000e\000r\000a\000t\000u\000r\000e\000\040\000R\000e\000v\000i\000e\000w}{}% 3
\BOOKMARK [2][-]{subsection.3.1}{\376\377\000F\000e\000a\000t\000u\000r\000e\000-\000B\000a\000s\000e\000d\000\040\000V\000i\000s\000u\000a\000l\000\040\000S\000L\000A\000M}{section.3}% 4
\BOOKMARK [2][-]{subsection.3.2}{\376\377\000D\000i\000r\000e\000c\000t\000\040\000S\000p\000a\000r\000s\000e\000\040\000O\000d\000o\000m\000e\000t\000r\000y}{section.3}% 5
\BOOKMARK [2][-]{subsection.3.3}{\376\377\000S\000e\000m\000i\000-\000D\000i\000r\000e\000c\000t\000\040\000V\000i\000s\000u\000a\000l\000\040\000O\000d\000o\000m\000e\000t\000r\000y}{section.3}% 6
\BOOKMARK [2][-]{subsection.3.4}{\376\377\000K\000I\000T\000T\000I\000\040\000a\000n\000d\000\040\000M\000o\000d\000e\000r\000n\000\040\000D\000e\000e\000p\000\040\000S\000L\000A\000M}{section.3}% 7
\BOOKMARK [1][-]{section.4}{\376\377\000M\000e\000t\000h\000o\000d\000o\000l\000o\000g\000i\000c\000a\000l\000\040\000P\000r\000i\000n\000c\000i\000p\000l\000e\000s}{}% 8
\BOOKMARK [2][-]{subsection.4.1}{\376\377\000U\000n\000i\000f\000i\000e\000d\000\040\000B\000e\000n\000c\000h\000m\000a\000r\000k\000\040\000F\000r\000a\000m\000e\000w\000o\000r\000k}{section.4}% 9
\BOOKMARK [2][-]{subsection.4.2}{\376\377\000O\000R\000B\000-\000S\000L\000A\000M\0002\000-\000I\000n\000s\000p\000i\000r\000e\000d\000\040\000S\000t\000e\000r\000e\000o\000\040\000S\000L\000A\000M}{section.4}% 10
\BOOKMARK [2][-]{subsection.4.3}{\376\377\000D\000S\000O\000-\000I\000n\000s\000p\000i\000r\000e\000d\000\040\000D\000i\000r\000e\000c\000t\000\040\000S\000p\000a\000r\000s\000e\000\040\000S\000t\000e\000r\000e\000o\000\040\000S\000L\000A\000M}{section.4}% 11
\BOOKMARK [2][-]{subsection.4.4}{\376\377\000S\000V\000O\000-\000S\000t\000y\000l\000e\000\040\000S\000e\000m\000i\000-\000D\000i\000r\000e\000c\000t\000\040\000S\000t\000e\000r\000e\000o\000\040\000V\000i\000s\000u\000a\000l\000\040\000O\000d\000o\000m\000e\000t\000r\000y\000/\000S\000L\000A\000M}{section.4}% 12
\BOOKMARK [2][-]{subsection.4.5}{\376\377\000E\000v\000a\000l\000u\000a\000t\000i\000o\000n\000\040\000M\000e\000t\000r\000i\000c\000s\000\040\000a\000n\000d\000\040\000F\000a\000i\000r\000n\000e\000s\000s\000\040\000C\000o\000n\000t\000r\000o\000l\000s}{section.4}% 13
\BOOKMARK [1][-]{section.5}{\376\377\000E\000x\000p\000e\000r\000i\000m\000e\000n\000t\000a\000l\000\040\000R\000e\000s\000u\000l\000t\000s\000\040\000a\000n\000d\000\040\000A\000n\000a\000l\000y\000s\000i\000s}{}% 14
\BOOKMARK [2][-]{subsection.5.1}{\376\377\000E\000x\000p\000e\000r\000i\000m\000e\000n\000t\000a\000l\000\040\000S\000e\000t\000u\000p}{section.5}% 15
\BOOKMARK [2][-]{subsection.5.2}{\376\377\000M\000a\000i\000n\000\040\0003\0000\0000\000-\000F\000r\000a\000m\000e\000\040\000R\000e\000s\000u\000l\000t\000s}{section.5}% 16
\BOOKMARK [2][-]{subsection.5.3}{\376\377\000R\000o\000b\000u\000s\000t\000n\000e\000s\000s\000\040\000a\000n\000d\000\040\000D\000S\000O\000\040\000D\000i\000a\000g\000n\000o\000s\000t\000i\000c\000s}{section.5}% 17
\BOOKMARK [2][-]{subsection.5.4}{\376\377\000D\000S\000O\000\040\000A\000b\000l\000a\000t\000i\000o\000n\000\040\000S\000t\000u\000d\000y}{section.5}% 18
\BOOKMARK [2][-]{subsection.5.5}{\376\377\000A\000n\000a\000l\000y\000s\000i\000s\000\040\000a\000n\000d\000\040\000T\000h\000r\000e\000a\000t\000s\000\040\000t\000o\000\040\000V\000a\000l\000i\000d\000i\000t\000y}{section.5}% 19
\BOOKMARK [1][-]{section.6}{\376\377\000R\000e\000s\000e\000a\000r\000c\000h\000\040\000C\000o\000n\000c\000l\000u\000s\000i\000o\000n\000s}{}% 20
\BOOKMARK [1][-]{section.7}{\376\377\000P\000e\000r\000s\000o\000n\000n\000e\000l\000\040\000a\000n\000d\000\040\000T\000a\000s\000k\000\040\000D\000i\000v\000i\000s\000i\000o\000n}{}% 21
